Copyright 1986-2022 Xilinx, Inc. All Rights Reserved. Copyright 2022-2024 Advanced Micro Devices, Inc. All Rights Reserved.
---------------------------------------------------------------------------------------------------------------------------------------------
| Tool Version : Vivado v.2024.2 (win64) Build 5239630 Fri Nov 08 22:35:27 MST 2024
| Date         : Fri Jul 18 15:43:10 2025
| Host         : DESKTOP-T2K4A01 running 64-bit major release  (build 9200)
| Command      : report_high_fanout_nets -file opt_report_high_fanout_nets_0.rpt
| Design       : GPPU
| Device       : xc7a35t
---------------------------------------------------------------------------------------------------------------------------------------------

High Fan-out Nets Information

1. Summary
----------

+---------------------------------------+--------+-------------+
| Net Name                              | Fanout | Driver Type |
+---------------------------------------+--------+-------------+
| uart_inst/AS[0]                       |    204 | LUT1        |
| uart_inst/prog_mode                   |    142 | FDCE        |
| RESET_IBUF                            |    134 | IBUF        |
| im_inst/n_Flags_OBUF[3]_inst_i_13_n_0 |     70 | LUT2        |
| im_inst/ALUOp[0]                      |     68 | LUT6        |
| im_inst/n_Flags_OBUF[3]_inst_i_22_n_0 |     62 | LUT2        |
| im_inst/n_Flags_OBUF[3]_inst_i_23_n_0 |     62 | LUT4        |
| im_inst/ALUASrc                       |     61 | LUT6        |
| uart_inst/tx_busy_reg_n_0             |     44 | FDCE        |
| uart_inst/wr_en                       |     40 | FDCE        |
+---------------------------------------+--------+-------------+


