Copyright 1986-2022 Xilinx, Inc. All Rights Reserved. Copyright 2022-2024 Advanced Micro Devices, Inc. All Rights Reserved.
---------------------------------------------------------------------------------------------------------------------------------------------
| Tool Version : Vivado v.2024.2 (win64) Build 5239630 Fri Nov 08 22:35:27 MST 2024
| Date         : Wed Jul 16 18:08:06 2025
| Host         : DESKTOP-T2K4A01 running 64-bit major release  (build 9200)
| Command      : report_design_analysis -logic_level_distribution -file opt_report_design_analysis_0.rpt
| Design       : GPPU
| Device       : xc7a35t
| Design State : Synthesized
---------------------------------------------------------------------------------------------------------------------------------------------

Report Design Analysis

Table of Contents
-----------------
1. Logic Level Distribution

1. Logic Level Distribution
---------------------------

+-----------------+-------------+----+-----+----+----+----+----+----+----+----+----+-----+-----+-----+-----+-----+-----+---------+-----+-----+-----+-----+-----+-----+-----+---------+-----+-----+-----+-----+-----+
| End Point Clock | Requirement |  1 |  3  | 14 | 15 | 53 | 62 | 71 | 80 | 89 | 98 | 107 | 116 | 125 | 134 | 143 | 152 | 161-170 | 179 | 188 | 196 | 206 | 215 | 223 | 233 | 242-250 | 259 | 268 | 277 | 286 | 296 |
+-----------------+-------------+----+-----+----+----+----+----+----+----+----+----+-----+-----+-----+-----+-----+-----+---------+-----+-----+-----+-----+-----+-----+-----+---------+-----+-----+-----+-----+-----+
| sys_clk_pin     | 10.000ns    | 40 | 480 | 15 | 45 | 15 | 15 | 15 | 15 | 15 | 15 |  15 |  15 |  15 |  15 |  15 |  15 |      30 |  15 |  15 |  15 |  15 |  15 |  15 |  15 |      30 |  15 |  15 |  15 |  15 |  15 |
+-----------------+-------------+----+-----+----+----+----+----+----+----+----+----+-----+-----+-----+-----+-----+-----+---------+-----+-----+-----+-----+-----+-----+-----+---------+-----+-----+-----+-----+-----+
* Columns represent the logic levels per end point clock
** Distribution is for top worst 1000 paths


